<kernel>:49:21: error: call to 'mad' is ambiguous
        half_25  =  mad(half_18, half_24, half_12);
                    ^~~
cl_kernel.h:4627:24: note: candidate function
float __OVERLOADABLE__ mad(float, float, float);
                       ^
cl_kernel.h:4628:25: note: candidate function
double __OVERLOADABLE__ mad(double, double, double);
                        ^
cl_kernel.h:4630:25: note: candidate function
float2 __OVERLOADABLE__ mad(float2, float2, float2);
                        ^
cl_kernel.h:4632:25: note: candidate function
float3 __OVERLOADABLE__ mad(float3, float3, float3);
                        ^
cl_kernel.h:4634:25: note: candidate function
float4 __OVERLOADABLE__ mad(float4, float4, float4);
                        ^
cl_kernel.h:4635:25: note: candidate function
float8 __OVERLOADABLE__ mad(float8, float8, float8);
                        ^
cl_kernel.h:4636:26: note: candidate function
float16 __OVERLOADABLE__ mad(float16, float16, float16);
                         ^
cl_kernel.h:4638:26: note: candidate function
double2 __OVERLOADABLE__ mad(double2, double2, double2);
                         ^
cl_kernel.h:4640:26: note: candidate function
double3 __OVERLOADABLE__ mad(double3, double3, double3);
                         ^
cl_kernel.h:4642:26: note: candidate function
double4 __OVERLOADABLE__ mad(double4, double4, double4);
                         ^
cl_kernel.h:4643:26: note: candidate function
double8 __OVERLOADABLE__ mad(double8, double8, double8);
                         ^
cl_kernel.h:4644:27: note: candidate function
double16 __OVERLOADABLE__ mad(double16, double16, double16);
                          ^
